[
    "set_pool_event",
    {
        "pool": "master",
        "monthly_distribution_pct": 5
    }
]
[
    "election_event_schedule",
    {
        "election_time": "2020-07-04T15:30:00.000",
        "election_threshold": 1000
    }
]
[
    "election_event_begin",
    {
        "election_time": "2020-07-04T15:30:00.000"
    }
]
[
    "election_event_seeding",
    {
        "election_time": "2020-07-04T15:30:00.000",
        "start_time": "2020-07-03T15:30:00.000",
        "end_time": "2020-07-04T15:30:00.000",
        "seed": "79BC69E1EF2D91BDFD54CF74E8B3784EEDC110F7A0BA571297FAD90DEC3B97C7"
    }
]
[
    "election_event_end_seeding",
    {
        "election_time": "2020-07-04T15:30:00.000"
    }
]
[
    "distribution_event_schedule",
    {
        "distribution_time": "2020-07-04T15:30:00.000"
    }
]
[
    "distribution_event_reserve",
    {
        "distribution_time": "2020-07-04T15:30:00.000",
        "pool": "master",
        "target_amount": "1.5000 EOS"
    }
]
[
    "distribution_event_schedule",
    {
        "distribution_time": "2020-08-03T15:30:00.000"
    }
]
[
    "election_event_config_summary",
    {
        "election_time": "2020-07-04T15:30:00.000",
        "num_rounds": 1,
        "num_participants": 3
    }
]
[
    "election_event_create_round",
    {
        "election_time": "2020-07-04T15:30:00.000",
        "round": 0,
        "requires_voting": false,
        "num_participants": 3,
        "num_groups": 1
    }
]
[
    "election_event_create_group",
    {
        "election_time": "2020-07-04T15:30:00.000",
        "round": 0,
        "voters": [
            "alice",
            "pip",
            "egeon"
        ]
    }
]
[
    "election_event_begin_round_voting",
    {
        "election_time": "2020-07-04T15:30:00.000",
        "round": 0,
        "voting_begin": "2020-07-04T15:30:00.000",
        "voting_end": "2020-07-04T15:30:00.000"
    }
]
[
    "distribution_event_begin",
    {
        "distribution_time": "2020-07-04T15:30:00.000",
        "rank_distribution": [
            "1.5000 EOS"
        ]
    }
]
[
    "election_event_end_round_voting",
    {
        "election_time": "2020-07-04T15:30:00.000",
        "round": 0
    }
]
[
    "election_event_report_group",
    {
        "election_time": "2020-07-04T15:30:00.000",
        "round": 0,
        "winner": "alice",
        "votes": [
            {
                "voter": "alice",
                "candidate": ""
            },
            {
                "voter": "pip",
                "candidate": ""
            },
            {
                "voter": "egeon",
                "candidate": ""
            }
        ]
    }
]
[
    "election_event_end_round",
    {
        "election_time": "2020-07-04T15:30:00.000",
        "round": 0
    }
]
[
    "election_event_end",
    {
        "election_time": "2020-07-04T15:30:00.000"
    }
]
[
    "election_event_schedule",
    {
        "election_time": "2021-01-02T15:30:00.000",
        "election_threshold": 1000
    }
]
[
    "election_event_begin",
    {
        "election_time": "2021-01-02T15:30:00.000"
    }
]
[
    "election_event_seeding",
    {
        "election_time": "2021-01-02T15:30:00.000",
        "start_time": "2021-01-01T15:30:00.000",
        "end_time": "2021-01-02T15:30:00.000",
        "seed": "BDCB31DA20299AD2F7368BAB02BA78BC311D6CAAA39A5865E5AACB12D1D9E207"
    }
]
[
    "election_event_end_seeding",
    {
        "election_time": "2021-01-02T15:30:00.000"
    }
]
[
    "distribution_event_reserve",
    {
        "distribution_time": "2020-08-03T15:30:00.000",
        "pool": "master",
        "target_amount": "51.4250 EOS"
    }
]
[
    "distribution_event_begin",
    {
        "distribution_time": "2020-08-03T15:30:00.000",
        "rank_distribution": [
            "51.4250 EOS"
        ]
    }
]
[
    "distribution_event_schedule",
    {
        "distribution_time": "2020-09-02T15:30:00.000"
    }
]
[
    "distribution_event_reserve",
    {
        "distribution_time": "2020-09-02T15:30:00.000",
        "pool": "master",
        "target_amount": "48.8537 EOS"
    }
]
[
    "distribution_event_begin",
    {
        "distribution_time": "2020-09-02T15:30:00.000",
        "rank_distribution": [
            "48.8537 EOS"
        ]
    }
]
[
    "distribution_event_schedule",
    {
        "distribution_time": "2020-10-02T15:30:00.000"
    }
]
[
    "distribution_event_reserve",
    {
        "distribution_time": "2020-10-02T15:30:00.000",
        "pool": "master",
        "target_amount": "46.4110 EOS"
    }
]
[
    "distribution_event_begin",
    {
        "distribution_time": "2020-10-02T15:30:00.000",
        "rank_distribution": [
            "46.4110 EOS"
        ]
    }
]
[
    "distribution_event_schedule",
    {
        "distribution_time": "2020-11-01T15:30:00.000"
    }
]
[
    "distribution_event_reserve",
    {
        "distribution_time": "2020-11-01T15:30:00.000",
        "pool": "master",
        "target_amount": "44.0905 EOS"
    }
]
[
    "distribution_event_begin",
    {
        "distribution_time": "2020-11-01T15:30:00.000",
        "rank_distribution": [
            "44.0905 EOS"
        ]
    }
]
[
    "distribution_event_schedule",
    {
        "distribution_time": "2020-12-01T15:30:00.000"
    }
]
[
    "distribution_event_reserve",
    {
        "distribution_time": "2020-12-01T15:30:00.000",
        "pool": "master",
        "target_amount": "41.8859 EOS"
    }
]
[
    "distribution_event_begin",
    {
        "distribution_time": "2020-12-01T15:30:00.000",
        "rank_distribution": [
            "41.8859 EOS"
        ]
    }
]
[
    "distribution_event_schedule",
    {
        "distribution_time": "2020-12-31T15:30:00.000"
    }
]
[
    "distribution_event_reserve",
    {
        "distribution_time": "2020-12-31T15:30:00.000",
        "pool": "master",
        "target_amount": "2.6527 EOS"
    }
]
[
    "distribution_event_begin",
    {
        "distribution_time": "2020-12-31T15:30:00.000",
        "rank_distribution": [
            "2.6527 EOS"
        ]
    }
]
[
    "distribution_event_schedule",
    {
        "distribution_time": "2021-01-02T15:30:00.000"
    }
]
[
    "distribution_event_reserve",
    {
        "distribution_time": "2021-01-02T15:30:00.000",
        "pool": "master",
        "target_amount": "39.6590 EOS"
    }
]
[
    "distribution_event_schedule",
    {
        "distribution_time": "2021-02-01T15:30:00.000"
    }
]
[
    "distribution_event_fund",
    {
        "owner": "alice",
        "distribution_time": "2020-07-04T15:30:00.000",
        "rank": 1,
        "balance": "1.5000 EOS"
    }
]
[
    "distribution_event_end",
    {
        "distribution_time": "2020-07-04T15:30:00.000"
    }
]
[
    "distribution_event_fund",
    {
        "owner": "alice",
        "distribution_time": "2020-08-03T15:30:00.000",
        "rank": 1,
        "balance": "51.4250 EOS"
    }
]
[
    "distribution_event_end",
    {
        "distribution_time": "2020-08-03T15:30:00.000"
    }
]
[
    "distribution_event_fund",
    {
        "owner": "alice",
        "distribution_time": "2020-09-02T15:30:00.000",
        "rank": 1,
        "balance": "48.8537 EOS"
    }
]
[
    "distribution_event_end",
    {
        "distribution_time": "2020-09-02T15:30:00.000"
    }
]
[
    "distribution_event_fund",
    {
        "owner": "alice",
        "distribution_time": "2020-10-02T15:30:00.000",
        "rank": 1,
        "balance": "46.4110 EOS"
    }
]
[
    "distribution_event_end",
    {
        "distribution_time": "2020-10-02T15:30:00.000"
    }
]
[
    "distribution_event_fund",
    {
        "owner": "alice",
        "distribution_time": "2020-11-01T15:30:00.000",
        "rank": 1,
        "balance": "44.0905 EOS"
    }
]
[
    "distribution_event_end",
    {
        "distribution_time": "2020-11-01T15:30:00.000"
    }
]
[
    "distribution_event_fund",
    {
        "owner": "alice",
        "distribution_time": "2020-12-01T15:30:00.000",
        "rank": 1,
        "balance": "41.8859 EOS"
    }
]
[
    "distribution_event_end",
    {
        "distribution_time": "2020-12-01T15:30:00.000"
    }
]
[
    "distribution_event_fund",
    {
        "owner": "alice",
        "distribution_time": "2020-12-31T15:30:00.000",
        "rank": 1,
        "balance": "2.6527 EOS"
    }
]
[
    "distribution_event_end",
    {
        "distribution_time": "2020-12-31T15:30:00.000"
    }
]
[
    "election_event_config_summary",
    {
        "election_time": "2021-01-02T15:30:00.000",
        "num_rounds": 3,
        "num_participants": 103
    }
]
[
    "election_event_create_round",
    {
        "election_time": "2021-01-02T15:30:00.000",
        "round": 0,
        "requires_voting": true,
        "num_participants": 103,
        "num_groups": 25
    }
]
[
    "election_event_create_group",
    {
        "election_time": "2021-01-02T15:30:00.000",
        "round": 0,
        "voters": [
            "edenmember2v",
            "edenmember24",
            "edenmember2l",
            "edenmember3v",
            "edenmember3k"
        ]
    }
]
[
    "election_event_create_group",
    {
        "election_time": "2021-01-02T15:30:00.000",
        "round": 0,
        "voters": [
            "edenmember1d",
            "egeon",
            "edenmember33",
            "edenmember2h",
            "edenmember3m"
        ]
    }
]
[
    "election_event_create_group",
    {
        "election_time": "2021-01-02T15:30:00.000",
        "round": 0,
        "voters": [
            "edenmember41",
            "edenmember2m",
            "edenmember11",
            "edenmember4a",
            "edenmember1o"
        ]
    }
]
[
    "election_event_create_group",
    {
        "election_time": "2021-01-02T15:30:00.000",
        "round": 0,
        "voters": [
            "edenmember1h",
            "edenmember2k",
            "edenmember3i",
            "edenmember2t"
        ]
    }
]
[
    "election_event_create_group",
    {
        "election_time": "2021-01-02T15:30:00.000",
        "round": 0,
        "voters": [
            "edenmember1e",
            "edenmember3r",
            "pip",
            "edenmember2p"
        ]
    }
]
[
    "election_event_create_group",
    {
        "election_time": "2021-01-02T15:30:00.000",
        "round": 0,
        "voters": [
            "edenmember3h",
            "edenmember3c",
            "edenmember42",
            "edenmember1p"
        ]
    }
]
[
    "election_event_create_group",
    {
        "election_time": "2021-01-02T15:30:00.000",
        "round": 0,
        "voters": [
            "edenmember3e",
            "edenmember31",
            "edenmember1m",
            "edenmember1t"
        ]
    }
]
[
    "election_event_create_group",
    {
        "election_time": "2021-01-02T15:30:00.000",
        "round": 0,
        "voters": [
            "edenmember3j",
            "edenmember1q",
            "edenmember23",
            "edenmember1r"
        ]
    }
]
[
    "election_event_create_group",
    {
        "election_time": "2021-01-02T15:30:00.000",
        "round": 0,
        "voters": [
            "edenmember2u",
            "edenmember3g",
            "edenmember2d",
            "edenmember1y"
        ]
    }
]
[
    "election_event_create_group",
    {
        "election_time": "2021-01-02T15:30:00.000",
        "round": 0,
        "voters": [
            "edenmember3q",
            "edenmember2w",
            "edenmember3a",
            "edenmember1s"
        ]
    }
]
[
    "election_event_create_group",
    {
        "election_time": "2021-01-02T15:30:00.000",
        "round": 0,
        "voters": [
            "edenmember1x",
            "edenmember43",
            "alice",
            "edenmember2z"
        ]
    }
]
[
    "election_event_create_group",
    {
        "election_time": "2021-01-02T15:30:00.000",
        "round": 0,
        "voters": [
            "edenmember1f",
            "edenmember3p",
            "edenmember1w",
            "edenmember3s"
        ]
    }
]
[
    "election_event_create_group",
    {
        "election_time": "2021-01-02T15:30:00.000",
        "round": 0,
        "voters": [
            "edenmember25",
            "edenmember3u",
            "edenmember13",
            "edenmember1v"
        ]
    }
]
[
    "election_event_create_group",
    {
        "election_time": "2021-01-02T15:30:00.000",
        "round": 0,
        "voters": [
            "edenmember3f",
            "edenmember2e",
            "edenmember1n",
            "edenmember45"
        ]
    }
]
[
    "election_event_create_group",
    {
        "election_time": "2021-01-02T15:30:00.000",
        "round": 0,
        "voters": [
            "edenmember1z",
            "edenmember2f",
            "edenmember32",
            "edenmember1i"
        ]
    }
]
[
    "election_event_create_group",
    {
        "election_time": "2021-01-02T15:30:00.000",
        "round": 0,
        "voters": [
            "edenmember3w",
            "edenmember1l",
            "edenmember2g",
            "edenmember21"
        ]
    }
]
[
    "election_event_create_group",
    {
        "election_time": "2021-01-02T15:30:00.000",
        "round": 0,
        "voters": [
            "edenmember22",
            "edenmember1a",
            "edenmember1c",
            "edenmember3b"
        ]
    }
]
[
    "election_event_create_group",
    {
        "election_time": "2021-01-02T15:30:00.000",
        "round": 0,
        "voters": [
            "edenmember1k",
            "edenmember12",
            "edenmember3d",
            "edenmember3l"
        ]
    }
]
[
    "election_event_create_group",
    {
        "election_time": "2021-01-02T15:30:00.000",
        "round": 0,
        "voters": [
            "edenmember1b",
            "edenmember15",
            "edenmember1u",
            "edenmember2b"
        ]
    }
]
[
    "election_event_create_group",
    {
        "election_time": "2021-01-02T15:30:00.000",
        "round": 0,
        "voters": [
            "edenmember3z",
            "edenmember2x",
            "edenmember2y",
            "edenmember1g"
        ]
    }
]
[
    "election_event_create_group",
    {
        "election_time": "2021-01-02T15:30:00.000",
        "round": 0,
        "voters": [
            "edenmember4b",
            "edenmember2o",
            "edenmember2j",
            "edenmember34"
        ]
    }
]
[
    "election_event_create_group",
    {
        "election_time": "2021-01-02T15:30:00.000",
        "round": 0,
        "voters": [
            "edenmember44",
            "edenmember2a",
            "edenmember2c",
            "edenmember35"
        ]
    }
]
[
    "election_event_create_group",
    {
        "election_time": "2021-01-02T15:30:00.000",
        "round": 0,
        "voters": [
            "edenmember2n",
            "edenmember2i",
            "edenmember2s",
            "edenmember3x"
        ]
    }
]
[
    "election_event_create_group",
    {
        "election_time": "2021-01-02T15:30:00.000",
        "round": 0,
        "voters": [
            "edenmember2q",
            "edenmember1j",
            "edenmember3n",
            "edenmember14"
        ]
    }
]
[
    "election_event_create_group",
    {
        "election_time": "2021-01-02T15:30:00.000",
        "round": 0,
        "voters": [
            "edenmember2r",
            "edenmember3y",
            "edenmember3o",
            "edenmember3t"
        ]
    }
]
[
    "election_event_begin_round_voting",
    {
        "election_time": "2021-01-02T15:30:00.000",
        "round": 0,
        "voting_begin": "2021-01-02T15:30:00.000",
        "voting_end": "2021-01-02T16:30:00.000"
    }
]
[
    "election_event_end_round_voting",
    {
        "election_time": "2021-01-02T15:30:00.000",
        "round": 0
    }
]
[
    "election_event_report_group",
    {
        "election_time": "2021-01-02T15:30:00.000",
        "round": 0,
        "winner": "edenmember24",
        "votes": [
            {
                "voter": "edenmember2v",
                "candidate": "edenmember24"
            },
            {
                "voter": "edenmember24",
                "candidate": "edenmember24"
            },
            {
                "voter": "edenmember2l",
                "candidate": "edenmember24"
            },
            {
                "voter": "edenmember3v",
                "candidate": "edenmember24"
            },
            {
                "voter": "edenmember3k",
                "candidate": "edenmember24"
            }
        ]
    }
]
[
    "election_event_report_group",
    {
        "election_time": "2021-01-02T15:30:00.000",
        "round": 0,
        "winner": "edenmember1d",
        "votes": [
            {
                "voter": "edenmember1d",
                "candidate": "edenmember1d"
            },
            {
                "voter": "egeon",
                "candidate": "edenmember1d"
            },
            {
                "voter": "edenmember33",
                "candidate": "edenmember1d"
            },
            {
                "voter": "edenmember2h",
                "candidate": "edenmember1d"
            },
            {
                "voter": "edenmember3m",
                "candidate": "edenmember1d"
            }
        ]
    }
]
[
    "election_event_report_group",
    {
        "election_time": "2021-01-02T15:30:00.000",
        "round": 0,
        "winner": "edenmember11",
        "votes": [
            {
                "voter": "edenmember41",
                "candidate": "edenmember11"
            },
            {
                "voter": "edenmember2m",
                "candidate": "edenmember11"
            },
            {
                "voter": "edenmember11",
                "candidate": "edenmember11"
            },
            {
                "voter": "edenmember4a",
                "candidate": "edenmember11"
            },
            {
                "voter": "edenmember1o",
                "candidate": "edenmember11"
            }
        ]
    }
]
[
    "election_event_report_group",
    {
        "election_time": "2021-01-02T15:30:00.000",
        "round": 0,
        "winner": "edenmember1h",
        "votes": [
            {
                "voter": "edenmember1h",
                "candidate": "edenmember1h"
            },
            {
                "voter": "edenmember2k",
                "candidate": "edenmember1h"
            },
            {
                "voter": "edenmember3i",
                "candidate": "edenmember1h"
            },
            {
                "voter": "edenmember2t",
                "candidate": "edenmember1h"
            }
        ]
    }
]
[
    "election_event_report_group",
    {
        "election_time": "2021-01-02T15:30:00.000",
        "round": 0,
        "winner": "edenmember1e",
        "votes": [
            {
                "voter": "edenmember1e",
                "candidate": "edenmember1e"
            },
            {
                "voter": "edenmember3r",
                "candidate": "edenmember1e"
            },
            {
                "voter": "pip",
                "candidate": "edenmember1e"
            },
            {
                "voter": "edenmember2p",
                "candidate": "edenmember1e"
            }
        ]
    }
]
[
    "election_event_report_group",
    {
        "election_time": "2021-01-02T15:30:00.000",
        "round": 0,
        "winner": "edenmember1p",
        "votes": [
            {
                "voter": "edenmember3h",
                "candidate": "edenmember1p"
            },
            {
                "voter": "edenmember3c",
                "candidate": "edenmember1p"
            },
            {
                "voter": "edenmember42",
                "candidate": "edenmember1p"
            },
            {
                "voter": "edenmember1p",
                "candidate": "edenmember1p"
            }
        ]
    }
]
[
    "election_event_report_group",
    {
        "election_time": "2021-01-02T15:30:00.000",
        "round": 0,
        "winner": "edenmember1m",
        "votes": [
            {
                "voter": "edenmember3e",
                "candidate": "edenmember1m"
            },
            {
                "voter": "edenmember31",
                "candidate": "edenmember1m"
            },
            {
                "voter": "edenmember1m",
                "candidate": "edenmember1m"
            },
            {
                "voter": "edenmember1t",
                "candidate": "edenmember1m"
            }
        ]
    }
]
[
    "election_event_report_group",
    {
        "election_time": "2021-01-02T15:30:00.000",
        "round": 0,
        "winner": "edenmember1q",
        "votes": [
            {
                "voter": "edenmember3j",
                "candidate": "edenmember1q"
            },
            {
                "voter": "edenmember1q",
                "candidate": "edenmember1q"
            },
            {
                "voter": "edenmember23",
                "candidate": "edenmember1q"
            },
            {
                "voter": "edenmember1r",
                "candidate": "edenmember1q"
            }
        ]
    }
]
[
    "election_event_report_group",
    {
        "election_time": "2021-01-02T15:30:00.000",
        "round": 0,
        "winner": "edenmember1y",
        "votes": [
            {
                "voter": "edenmember2u",
                "candidate": "edenmember1y"
            },
            {
                "voter": "edenmember3g",
                "candidate": "edenmember1y"
            },
            {
                "voter": "edenmember2d",
                "candidate": "edenmember1y"
            },
            {
                "voter": "edenmember1y",
                "candidate": "edenmember1y"
            }
        ]
    }
]
[
    "election_event_report_group",
    {
        "election_time": "2021-01-02T15:30:00.000",
        "round": 0,
        "winner": "edenmember1s",
        "votes": [
            {
                "voter": "edenmember3q",
                "candidate": "edenmember1s"
            },
            {
                "voter": "edenmember2w",
                "candidate": "edenmember1s"
            },
            {
                "voter": "edenmember3a",
                "candidate": "edenmember1s"
            },
            {
                "voter": "edenmember1s",
                "candidate": "edenmember1s"
            }
        ]
    }
]
[
    "election_event_report_group",
    {
        "election_time": "2021-01-02T15:30:00.000",
        "round": 0,
        "winner": "alice",
        "votes": [
            {
                "voter": "edenmember1x",
                "candidate": "alice"
            },
            {
                "voter": "edenmember43",
                "candidate": "alice"
            },
            {
                "voter": "alice",
                "candidate": "alice"
            },
            {
                "voter": "edenmember2z",
                "candidate": "alice"
            }
        ]
    }
]
[
    "election_event_report_group",
    {
        "election_time": "2021-01-02T15:30:00.000",
        "round": 0,
        "winner": "edenmember1f",
        "votes": [
            {
                "voter": "edenmember1f",
                "candidate": "edenmember1f"
            },
            {
                "voter": "edenmember3p",
                "candidate": "edenmember1f"
            },
            {
                "voter": "edenmember1w",
                "candidate": "edenmember1f"
            },
            {
                "voter": "edenmember3s",
                "candidate": "edenmember1f"
            }
        ]
    }
]
[
    "election_event_report_group",
    {
        "election_time": "2021-01-02T15:30:00.000",
        "round": 0,
        "winner": "edenmember13",
        "votes": [
            {
                "voter": "edenmember25",
                "candidate": "edenmember13"
            },
            {
                "voter": "edenmember3u",
                "candidate": "edenmember13"
            },
            {
                "voter": "edenmember13",
                "candidate": "edenmember13"
            },
            {
                "voter": "edenmember1v",
                "candidate": "edenmember13"
            }
        ]
    }
]
[
    "election_event_report_group",
    {
        "election_time": "2021-01-02T15:30:00.000",
        "round": 0,
        "winner": "edenmember1n",
        "votes": [
            {
                "voter": "edenmember3f",
                "candidate": "edenmember1n"
            },
            {
                "voter": "edenmember2e",
                "candidate": "edenmember1n"
            },
            {
                "voter": "edenmember1n",
                "candidate": "edenmember1n"
            },
            {
                "voter": "edenmember45",
                "candidate": "edenmember1n"
            }
        ]
    }
]
[
    "election_event_report_group",
    {
        "election_time": "2021-01-02T15:30:00.000",
        "round": 0,
        "winner": "edenmember1i",
        "votes": [
            {
                "voter": "edenmember1z",
                "candidate": "edenmember1i"
            },
            {
                "voter": "edenmember2f",
                "candidate": "edenmember1i"
            },
            {
                "voter": "edenmember32",
                "candidate": "edenmember1i"
            },
            {
                "voter": "edenmember1i",
                "candidate": "edenmember1i"
            }
        ]
    }
]
[
    "election_event_report_group",
    {
        "election_time": "2021-01-02T15:30:00.000",
        "round": 0,
        "winner": "edenmember1l",
        "votes": [
            {
                "voter": "edenmember3w",
                "candidate": "edenmember1l"
            },
            {
                "voter": "edenmember1l",
                "candidate": "edenmember1l"
            },
            {
                "voter": "edenmember2g",
                "candidate": "edenmember1l"
            },
            {
                "voter": "edenmember21",
                "candidate": "edenmember1l"
            }
        ]
    }
]
[
    "election_event_report_group",
    {
        "election_time": "2021-01-02T15:30:00.000",
        "round": 0,
        "winner": "edenmember1a",
        "votes": [
            {
                "voter": "edenmember22",
                "candidate": "edenmember1a"
            },
            {
                "voter": "edenmember1a",
                "candidate": "edenmember1a"
            },
            {
                "voter": "edenmember1c",
                "candidate": "edenmember1a"
            },
            {
                "voter": "edenmember3b",
                "candidate": "edenmember1a"
            }
        ]
    }
]
[
    "election_event_report_group",
    {
        "election_time": "2021-01-02T15:30:00.000",
        "round": 0,
        "winner": "edenmember12",
        "votes": [
            {
                "voter": "edenmember1k",
                "candidate": "edenmember12"
            },
            {
                "voter": "edenmember12",
                "candidate": "edenmember12"
            },
            {
                "voter": "edenmember3d",
                "candidate": "edenmember12"
            },
            {
                "voter": "edenmember3l",
                "candidate": "edenmember12"
            }
        ]
    }
]
[
    "election_event_report_group",
    {
        "election_time": "2021-01-02T15:30:00.000",
        "round": 0,
        "winner": "edenmember15",
        "votes": [
            {
                "voter": "edenmember1b",
                "candidate": "edenmember15"
            },
            {
                "voter": "edenmember15",
                "candidate": "edenmember15"
            },
            {
                "voter": "edenmember1u",
                "candidate": "edenmember15"
            },
            {
                "voter": "edenmember2b",
                "candidate": "edenmember15"
            }
        ]
    }
]
[
    "election_event_report_group",
    {
        "election_time": "2021-01-02T15:30:00.000",
        "round": 0,
        "winner": "edenmember1g",
        "votes": [
            {
                "voter": "edenmember3z",
                "candidate": "edenmember1g"
            },
            {
                "voter": "edenmember2x",
                "candidate": "edenmember1g"
            },
            {
                "voter": "edenmember2y",
                "candidate": "edenmember1g"
            },
            {
                "voter": "edenmember1g",
                "candidate": "edenmember1g"
            }
        ]
    }
]
[
    "election_event_report_group",
    {
        "election_time": "2021-01-02T15:30:00.000",
        "round": 0,
        "winner": "edenmember2j",
        "votes": [
            {
                "voter": "edenmember4b",
                "candidate": "edenmember2j"
            },
            {
                "voter": "edenmember2o",
                "candidate": "edenmember2j"
            },
            {
                "voter": "edenmember2j",
                "candidate": "edenmember2j"
            },
            {
                "voter": "edenmember34",
                "candidate": "edenmember2j"
            }
        ]
    }
]
[
    "election_event_report_group",
    {
        "election_time": "2021-01-02T15:30:00.000",
        "round": 0,
        "winner": "edenmember2a",
        "votes": [
            {
                "voter": "edenmember44",
                "candidate": "edenmember2a"
            },
            {
                "voter": "edenmember2a",
                "candidate": "edenmember2a"
            },
            {
                "voter": "edenmember2c",
                "candidate": "edenmember2a"
            },
            {
                "voter": "edenmember35",
                "candidate": "edenmember2a"
            }
        ]
    }
]
[
    "election_event_report_group",
    {
        "election_time": "2021-01-02T15:30:00.000",
        "round": 0,
        "winner": "edenmember2i",
        "votes": [
            {
                "voter": "edenmember2n",
                "candidate": "edenmember2i"
            },
            {
                "voter": "edenmember2i",
                "candidate": "edenmember2i"
            },
            {
                "voter": "edenmember2s",
                "candidate": "edenmember2i"
            },
            {
                "voter": "edenmember3x",
                "candidate": "edenmember2i"
            }
        ]
    }
]
[
    "election_event_report_group",
    {
        "election_time": "2021-01-02T15:30:00.000",
        "round": 0,
        "winner": "edenmember14",
        "votes": [
            {
                "voter": "edenmember2q",
                "candidate": "edenmember14"
            },
            {
                "voter": "edenmember1j",
                "candidate": "edenmember14"
            },
            {
                "voter": "edenmember3n",
                "candidate": "edenmember14"
            },
            {
                "voter": "edenmember14",
                "candidate": "edenmember14"
            }
        ]
    }
]
[
    "election_event_report_group",
    {
        "election_time": "2021-01-02T15:30:00.000",
        "round": 0,
        "winner": "edenmember2r",
        "votes": [
            {
                "voter": "edenmember2r",
                "candidate": "edenmember2r"
            },
            {
                "voter": "edenmember3y",
                "candidate": "edenmember2r"
            },
            {
                "voter": "edenmember3o",
                "candidate": "edenmember2r"
            },
            {
                "voter": "edenmember3t",
                "candidate": "edenmember2r"
            }
        ]
    }
]
[
    "election_event_end_round",
    {
        "election_time": "2021-01-02T15:30:00.000",
        "round": 0
    }
]
[
    "election_event_create_round",
    {
        "election_time": "2021-01-02T15:30:00.000",
        "round": 1,
        "requires_voting": true,
        "num_participants": 25,
        "num_groups": 5
    }
]
[
    "election_event_create_group",
    {
        "election_time": "2021-01-02T15:30:00.000",
        "round": 1,
        "voters": [
            "edenmember1g",
            "edenmember1p",
            "edenmember1d",
            "edenmember1q",
            "edenmember1h"
        ]
    }
]
[
    "election_event_create_group",
    {
        "election_time": "2021-01-02T15:30:00.000",
        "round": 1,
        "voters": [
            "edenmember11",
            "edenmember15",
            "edenmember12",
            "edenmember1s",
            "edenmember24"
        ]
    }
]
[
    "election_event_create_group",
    {
        "election_time": "2021-01-02T15:30:00.000",
        "round": 1,
        "voters": [
            "edenmember1f",
            "edenmember1a",
            "edenmember1n",
            "edenmember13",
            "edenmember2i"
        ]
    }
]
[
    "election_event_create_group",
    {
        "election_time": "2021-01-02T15:30:00.000",
        "round": 1,
        "voters": [
            "edenmember2r",
            "edenmember1y",
            "edenmember1m",
            "edenmember2a",
            "edenmember1l"
        ]
    }
]
[
    "election_event_create_group",
    {
        "election_time": "2021-01-02T15:30:00.000",
        "round": 1,
        "voters": [
            "edenmember1e",
            "edenmember2j",
            "edenmember14",
            "alice",
            "edenmember1i"
        ]
    }
]
[
    "election_event_begin_round_voting",
    {
        "election_time": "2021-01-02T15:30:00.000",
        "round": 1,
        "voting_begin": "2021-01-02T16:30:13.500",
        "voting_end": "2021-01-02T17:30:13.500"
    }
]
[
    "election_event_end_round_voting",
    {
        "election_time": "2021-01-02T15:30:00.000",
        "round": 1
    }
]
[
    "election_event_report_group",
    {
        "election_time": "2021-01-02T15:30:00.000",
        "round": 1,
        "winner": "edenmember1d",
        "votes": [
            {
                "voter": "edenmember1g",
                "candidate": "edenmember1d"
            },
            {
                "voter": "edenmember1p",
                "candidate": "edenmember1d"
            },
            {
                "voter": "edenmember1d",
                "candidate": "edenmember1d"
            },
            {
                "voter": "edenmember1q",
                "candidate": "edenmember1d"
            },
            {
                "voter": "edenmember1h",
                "candidate": "edenmember1d"
            }
        ]
    }
]
[
    "election_event_report_group",
    {
        "election_time": "2021-01-02T15:30:00.000",
        "round": 1,
        "winner": "edenmember11",
        "votes": [
            {
                "voter": "edenmember11",
                "candidate": "edenmember11"
            },
            {
                "voter": "edenmember15",
                "candidate": "edenmember11"
            },
            {
                "voter": "edenmember12",
                "candidate": "edenmember11"
            },
            {
                "voter": "edenmember1s",
                "candidate": "edenmember11"
            },
            {
                "voter": "edenmember24",
                "candidate": "edenmember11"
            }
        ]
    }
]
[
    "election_event_report_group",
    {
        "election_time": "2021-01-02T15:30:00.000",
        "round": 1,
        "winner": "edenmember13",
        "votes": [
            {
                "voter": "edenmember1f",
                "candidate": "edenmember13"
            },
            {
                "voter": "edenmember1a",
                "candidate": "edenmember13"
            },
            {
                "voter": "edenmember1n",
                "candidate": "edenmember13"
            },
            {
                "voter": "edenmember13",
                "candidate": "edenmember13"
            },
            {
                "voter": "edenmember2i",
                "candidate": "edenmember13"
            }
        ]
    }
]
[
    "election_event_report_group",
    {
        "election_time": "2021-01-02T15:30:00.000",
        "round": 1,
        "winner": "edenmember1l",
        "votes": [
            {
                "voter": "edenmember2r",
                "candidate": "edenmember1l"
            },
            {
                "voter": "edenmember1y",
                "candidate": "edenmember1l"
            },
            {
                "voter": "edenmember1m",
                "candidate": "edenmember1l"
            },
            {
                "voter": "edenmember2a",
                "candidate": "edenmember1l"
            },
            {
                "voter": "edenmember1l",
                "candidate": "edenmember1l"
            }
        ]
    }
]
[
    "election_event_report_group",
    {
        "election_time": "2021-01-02T15:30:00.000",
        "round": 1,
        "winner": "alice",
        "votes": [
            {
                "voter": "edenmember1e",
                "candidate": "alice"
            },
            {
                "voter": "edenmember2j",
                "candidate": "alice"
            },
            {
                "voter": "edenmember14",
                "candidate": "alice"
            },
            {
                "voter": "alice",
                "candidate": "alice"
            },
            {
                "voter": "edenmember1i",
                "candidate": "alice"
            }
        ]
    }
]
[
    "election_event_end_round",
    {
        "election_time": "2021-01-02T15:30:00.000",
        "round": 1
    }
]
[
    "election_event_create_round",
    {
        "election_time": "2021-01-02T15:30:00.000",
        "round": 2,
        "requires_voting": false,
        "num_participants": 5,
        "num_groups": 1
    }
]
[
    "election_event_create_group",
    {
        "election_time": "2021-01-02T15:30:00.000",
        "round": 2,
        "voters": [
            "edenmember13",
            "alice",
            "edenmember1d",
            "edenmember1l",
            "edenmember11"
        ]
    }
]
[
    "election_event_begin_round_voting",
    {
        "election_time": "2021-01-02T15:30:00.000",
        "round": 2,
        "voting_begin": "2021-01-02T17:30:16.500",
        "voting_end": "2021-01-02T19:30:16.500"
    }
]
[
    "election_event_seeding",
    {
        "election_time": "2021-01-02T15:30:00.000",
        "start_time": "2021-01-02T17:30:16.500",
        "end_time": "2021-01-02T19:30:16.500",
        "seed": "FFFFFFFFFFFFFFFFFFFFFFFFFFFFFFFFFFFFFFFFFFFFFFFFFFFFFFFFFFFFFFFF"
    }
]
[
    "election_event_seeding",
    {
        "election_time": "2021-01-02T15:30:00.000",
        "start_time": "2021-01-02T17:30:16.500",
        "end_time": "2021-01-02T19:30:16.500",
        "seed": "9FD11AF9710DAF0229ADB090582845910EB25DFAF877980DAC8ABFEEAF4874E5"
    }
]
[
    "distribution_event_begin",
    {
        "distribution_time": "2021-01-02T15:30:00.000",
        "rank_distribution": [
            "0.5287 EOS",
            "2.6439 EOS",
            "13.2220 EOS"
        ]
    }
]
[
    "election_event_end_seeding",
    {
        "election_time": "2021-01-02T15:30:00.000"
    }
]
[
    "election_event_end_round_voting",
    {
        "election_time": "2021-01-02T15:30:00.000",
        "round": 2
    }
]
[
    "election_event_report_group",
    {
        "election_time": "2021-01-02T15:30:00.000",
        "round": 2,
        "winner": "edenmember13",
        "votes": [
            {
                "voter": "edenmember13",
                "candidate": ""
            },
            {
                "voter": "alice",
                "candidate": ""
            },
            {
                "voter": "edenmember1d",
                "candidate": ""
            },
            {
                "voter": "edenmember1l",
                "candidate": ""
            },
            {
                "voter": "edenmember11",
                "candidate": ""
            }
        ]
    }
]
[
    "election_event_end_round",
    {
        "election_time": "2021-01-02T15:30:00.000",
        "round": 2
    }
]
[
    "election_event_end",
    {
        "election_time": "2021-01-02T15:30:00.000"
    }
]
[
    "election_event_schedule",
    {
        "election_time": "2021-07-03T15:30:00.000",
        "election_threshold": 1000
    }
]
[
    "distribution_event_reserve",
    {
        "distribution_time": "2021-02-01T15:30:00.000",
        "pool": "master",
        "target_amount": "37.6761 EOS"
    }
]
[
    "distribution_event_begin",
    {
        "distribution_time": "2021-02-01T15:30:00.000",
        "rank_distribution": [
            "0.5023 EOS",
            "2.5117 EOS",
            "12.5601 EOS"
        ]
    }
]
[
    "distribution_event_schedule",
    {
        "distribution_time": "2021-03-03T15:30:00.000"
    }
]
[
    "distribution_event_fund",
    {
        "owner": "alice",
        "distribution_time": "2021-01-02T15:30:00.000",
        "rank": 1,
        "balance": "0.5287 EOS"
    }
]
[
    "distribution_event_fund",
    {
        "owner": "alice",
        "distribution_time": "2021-01-02T15:30:00.000",
        "rank": 2,
        "balance": "2.6439 EOS"
    }
]
[
    "distribution_event_fund",
    {
        "owner": "edenmember11",
        "distribution_time": "2021-01-02T15:30:00.000",
        "rank": 1,
        "balance": "0.5287 EOS"
    }
]
[
    "distribution_event_fund",
    {
        "owner": "edenmember11",
        "distribution_time": "2021-01-02T15:30:00.000",
        "rank": 2,
        "balance": "2.6439 EOS"
    }
]
[
    "distribution_event_fund",
    {
        "owner": "edenmember12",
        "distribution_time": "2021-01-02T15:30:00.000",
        "rank": 1,
        "balance": "0.5287 EOS"
    }
]
[
    "distribution_event_fund",
    {
        "owner": "edenmember13",
        "distribution_time": "2021-01-02T15:30:00.000",
        "rank": 1,
        "balance": "0.5287 EOS"
    }
]
[
    "distribution_event_fund",
    {
        "owner": "edenmember13",
        "distribution_time": "2021-01-02T15:30:00.000",
        "rank": 2,
        "balance": "2.6439 EOS"
    }
]
[
    "distribution_event_fund",
    {
        "owner": "edenmember13",
        "distribution_time": "2021-01-02T15:30:00.000",
        "rank": 3,
        "balance": "13.2220 EOS"
    }
]
[
    "distribution_event_fund",
    {
        "owner": "edenmember14",
        "distribution_time": "2021-01-02T15:30:00.000",
        "rank": 1,
        "balance": "0.5287 EOS"
    }
]
[
    "distribution_event_fund",
    {
        "owner": "edenmember15",
        "distribution_time": "2021-01-02T15:30:00.000",
        "rank": 1,
        "balance": "0.5287 EOS"
    }
]
[
    "distribution_event_fund",
    {
        "owner": "edenmember1a",
        "distribution_time": "2021-01-02T15:30:00.000",
        "rank": 1,
        "balance": "0.5287 EOS"
    }
]
[
    "distribution_event_fund",
    {
        "owner": "edenmember1d",
        "distribution_time": "2021-01-02T15:30:00.000",
        "rank": 1,
        "balance": "0.5287 EOS"
    }
]
[
    "distribution_event_fund",
    {
        "owner": "edenmember1d",
        "distribution_time": "2021-01-02T15:30:00.000",
        "rank": 2,
        "balance": "2.6439 EOS"
    }
]
[
    "distribution_event_fund",
    {
        "owner": "edenmember1e",
        "distribution_time": "2021-01-02T15:30:00.000",
        "rank": 1,
        "balance": "0.5287 EOS"
    }
]
[
    "distribution_event_fund",
    {
        "owner": "edenmember1f",
        "distribution_time": "2021-01-02T15:30:00.000",
        "rank": 1,
        "balance": "0.5287 EOS"
    }
]
[
    "distribution_event_fund",
    {
        "owner": "edenmember1g",
        "distribution_time": "2021-01-02T15:30:00.000",
        "rank": 1,
        "balance": "0.5287 EOS"
    }
]
[
    "distribution_event_fund",
    {
        "owner": "edenmember1h",
        "distribution_time": "2021-01-02T15:30:00.000",
        "rank": 1,
        "balance": "0.5287 EOS"
    }
]
[
    "distribution_event_fund",
    {
        "owner": "edenmember1i",
        "distribution_time": "2021-01-02T15:30:00.000",
        "rank": 1,
        "balance": "0.5287 EOS"
    }
]
[
    "distribution_event_fund",
    {
        "owner": "edenmember1l",
        "distribution_time": "2021-01-02T15:30:00.000",
        "rank": 1,
        "balance": "0.5287 EOS"
    }
]
[
    "distribution_event_fund",
    {
        "owner": "edenmember1l",
        "distribution_time": "2021-01-02T15:30:00.000",
        "rank": 2,
        "balance": "2.6439 EOS"
    }
]
[
    "distribution_event_fund",
    {
        "owner": "edenmember1m",
        "distribution_time": "2021-01-02T15:30:00.000",
        "rank": 1,
        "balance": "0.5287 EOS"
    }
]
[
    "distribution_event_fund",
    {
        "owner": "edenmember1n",
        "distribution_time": "2021-01-02T15:30:00.000",
        "rank": 1,
        "balance": "0.5287 EOS"
    }
]
[
    "distribution_event_fund",
    {
        "owner": "edenmember1p",
        "distribution_time": "2021-01-02T15:30:00.000",
        "rank": 1,
        "balance": "0.5287 EOS"
    }
]
[
    "distribution_event_fund",
    {
        "owner": "edenmember1q",
        "distribution_time": "2021-01-02T15:30:00.000",
        "rank": 1,
        "balance": "0.5287 EOS"
    }
]
[
    "distribution_event_fund",
    {
        "owner": "edenmember1s",
        "distribution_time": "2021-01-02T15:30:00.000",
        "rank": 1,
        "balance": "0.5287 EOS"
    }
]
[
    "distribution_event_fund",
    {
        "owner": "edenmember1y",
        "distribution_time": "2021-01-02T15:30:00.000",
        "rank": 1,
        "balance": "0.5287 EOS"
    }
]
[
    "distribution_event_fund",
    {
        "owner": "edenmember24",
        "distribution_time": "2021-01-02T15:30:00.000",
        "rank": 1,
        "balance": "0.5287 EOS"
    }
]
[
    "distribution_event_fund",
    {
        "owner": "edenmember2a",
        "distribution_time": "2021-01-02T15:30:00.000",
        "rank": 1,
        "balance": "0.5287 EOS"
    }
]
[
    "distribution_event_fund",
    {
        "owner": "edenmember2i",
        "distribution_time": "2021-01-02T15:30:00.000",
        "rank": 1,
        "balance": "0.5287 EOS"
    }
]
[
    "distribution_event_fund",
    {
        "owner": "edenmember2j",
        "distribution_time": "2021-01-02T15:30:00.000",
        "rank": 1,
        "balance": "0.5287 EOS"
    }
]
[
    "distribution_event_fund",
    {
        "owner": "edenmember2r",
        "distribution_time": "2021-01-02T15:30:00.000",
        "rank": 1,
        "balance": "0.5287 EOS"
    }
]
[
    "distribution_event_end",
    {
        "distribution_time": "2021-01-02T15:30:00.000"
    }
]
[
    "distribution_event_fund",
    {
        "owner": "alice",
        "distribution_time": "2021-02-01T15:30:00.000",
        "rank": 1,
        "balance": "0.5023 EOS"
    }
]
[
    "distribution_event_fund",
    {
        "owner": "alice",
        "distribution_time": "2021-02-01T15:30:00.000",
        "rank": 2,
        "balance": "2.5117 EOS"
    }
]
[
    "distribution_event_fund",
    {
        "owner": "edenmember11",
        "distribution_time": "2021-02-01T15:30:00.000",
        "rank": 1,
        "balance": "0.5023 EOS"
    }
]
[
    "distribution_event_fund",
    {
        "owner": "edenmember11",
        "distribution_time": "2021-02-01T15:30:00.000",
        "rank": 2,
        "balance": "2.5117 EOS"
    }
]
[
    "distribution_event_fund",
    {
        "owner": "edenmember12",
        "distribution_time": "2021-02-01T15:30:00.000",
        "rank": 1,
        "balance": "0.5023 EOS"
    }
]
[
    "distribution_event_fund",
    {
        "owner": "edenmember13",
        "distribution_time": "2021-02-01T15:30:00.000",
        "rank": 1,
        "balance": "0.5023 EOS"
    }
]
[
    "distribution_event_fund",
    {
        "owner": "edenmember13",
        "distribution_time": "2021-02-01T15:30:00.000",
        "rank": 2,
        "balance": "2.5117 EOS"
    }
]
[
    "distribution_event_fund",
    {
        "owner": "edenmember13",
        "distribution_time": "2021-02-01T15:30:00.000",
        "rank": 3,
        "balance": "12.5601 EOS"
    }
]
[
    "distribution_event_fund",
    {
        "owner": "edenmember14",
        "distribution_time": "2021-02-01T15:30:00.000",
        "rank": 1,
        "balance": "0.5023 EOS"
    }
]
[
    "distribution_event_fund",
    {
        "owner": "edenmember15",
        "distribution_time": "2021-02-01T15:30:00.000",
        "rank": 1,
        "balance": "0.5023 EOS"
    }
]
[
    "distribution_event_fund",
    {
        "owner": "edenmember1a",
        "distribution_time": "2021-02-01T15:30:00.000",
        "rank": 1,
        "balance": "0.5023 EOS"
    }
]
[
    "distribution_event_fund",
    {
        "owner": "edenmember1d",
        "distribution_time": "2021-02-01T15:30:00.000",
        "rank": 1,
        "balance": "0.5023 EOS"
    }
]
[
    "distribution_event_fund",
    {
        "owner": "edenmember1d",
        "distribution_time": "2021-02-01T15:30:00.000",
        "rank": 2,
        "balance": "2.5117 EOS"
    }
]
[
    "distribution_event_fund",
    {
        "owner": "edenmember1e",
        "distribution_time": "2021-02-01T15:30:00.000",
        "rank": 1,
        "balance": "0.5023 EOS"
    }
]
[
    "distribution_event_fund",
    {
        "owner": "edenmember1f",
        "distribution_time": "2021-02-01T15:30:00.000",
        "rank": 1,
        "balance": "0.5023 EOS"
    }
]
[
    "distribution_event_fund",
    {
        "owner": "edenmember1g",
        "distribution_time": "2021-02-01T15:30:00.000",
        "rank": 1,
        "balance": "0.5023 EOS"
    }
]
[
    "distribution_event_fund",
    {
        "owner": "edenmember1h",
        "distribution_time": "2021-02-01T15:30:00.000",
        "rank": 1,
        "balance": "0.5023 EOS"
    }
]
[
    "distribution_event_fund",
    {
        "owner": "edenmember1i",
        "distribution_time": "2021-02-01T15:30:00.000",
        "rank": 1,
        "balance": "0.5023 EOS"
    }
]
[
    "distribution_event_fund",
    {
        "owner": "edenmember1l",
        "distribution_time": "2021-02-01T15:30:00.000",
        "rank": 1,
        "balance": "0.5023 EOS"
    }
]
[
    "distribution_event_fund",
    {
        "owner": "edenmember1l",
        "distribution_time": "2021-02-01T15:30:00.000",
        "rank": 2,
        "balance": "2.5117 EOS"
    }
]
[
    "distribution_event_fund",
    {
        "owner": "edenmember1m",
        "distribution_time": "2021-02-01T15:30:00.000",
        "rank": 1,
        "balance": "0.5023 EOS"
    }
]
[
    "distribution_event_fund",
    {
        "owner": "edenmember1n",
        "distribution_time": "2021-02-01T15:30:00.000",
        "rank": 1,
        "balance": "0.5023 EOS"
    }
]
[
    "distribution_event_fund",
    {
        "owner": "edenmember1p",
        "distribution_time": "2021-02-01T15:30:00.000",
        "rank": 1,
        "balance": "0.5023 EOS"
    }
]
[
    "distribution_event_fund",
    {
        "owner": "edenmember1q",
        "distribution_time": "2021-02-01T15:30:00.000",
        "rank": 1,
        "balance": "0.5023 EOS"
    }
]
[
    "distribution_event_fund",
    {
        "owner": "edenmember1s",
        "distribution_time": "2021-02-01T15:30:00.000",
        "rank": 1,
        "balance": "0.5023 EOS"
    }
]
[
    "distribution_event_fund",
    {
        "owner": "edenmember1y",
        "distribution_time": "2021-02-01T15:30:00.000",
        "rank": 1,
        "balance": "0.5023 EOS"
    }
]
[
    "distribution_event_fund",
    {
        "owner": "edenmember24",
        "distribution_time": "2021-02-01T15:30:00.000",
        "rank": 1,
        "balance": "0.5023 EOS"
    }
]
[
    "distribution_event_fund",
    {
        "owner": "edenmember2a",
        "distribution_time": "2021-02-01T15:30:00.000",
        "rank": 1,
        "balance": "0.5023 EOS"
    }
]
[
    "distribution_event_fund",
    {
        "owner": "edenmember2i",
        "distribution_time": "2021-02-01T15:30:00.000",
        "rank": 1,
        "balance": "0.5023 EOS"
    }
]
[
    "distribution_event_fund",
    {
        "owner": "edenmember2j",
        "distribution_time": "2021-02-01T15:30:00.000",
        "rank": 1,
        "balance": "0.5023 EOS"
    }
]
[
    "distribution_event_fund",
    {
        "owner": "edenmember2r",
        "distribution_time": "2021-02-01T15:30:00.000",
        "rank": 1,
        "balance": "0.5023 EOS"
    }
]
[
    "distribution_event_end",
    {
        "distribution_time": "2021-02-01T15:30:00.000"
    }
]
